
> oiem-abastible-backend@1.0.0 seed
> node src/seed.js

🔄 Sincronizando base de datos...
❌ Error en seed: ConnectionRefusedError [SequelizeConnectionRefusedError]
    at ConnectionManager.connect (C:\laragon\www\a-oiem-ai\back\node_modules\sequelize\lib\dialects\mysql\connection-manager.js:92:17)
    at process.processTicksAndRejections (node:internal/process/task_queues:105:5)
    at async ConnectionManager._connect (C:\laragon\www\a-oiem-ai\back\node_modules\sequelize\lib\dialects\abstract\connection-manager.js:222:24)
    at async C:\laragon\www\a-oiem-ai\back\node_modules\sequelize\lib\dialects\abstract\connection-manager.js:174:32
    at async ConnectionManager.getConnection (C:\laragon\www\a-oiem-ai\back\node_modules\sequelize\lib\dialects\abstract\connection-manager.js:197:7)
    at async C:\laragon\www\a-oiem-ai\back\node_modules\sequelize\lib\sequelize.js:305:26
    at async seed (C:\laragon\www\a-oiem-ai\back\src\seed.js:24:9) {
  parent: AggregateError [ECONNREFUSED]: 
      at internalConnectMultiple (node:net:1134:18)
      at afterConnectMultiple (node:net:1715:7) {
    code: 'ECONNREFUSED',
    fatal: true,
    [errors]: [ [Error], [Error] ]
  },
  original: AggregateError [ECONNREFUSED]: 
      at internalConnectMultiple (node:net:1134:18)
      at afterConnectMultiple (node:net:1715:7) {
    code: 'ECONNREFUSED',
    fatal: true,
    [errors]: [ [Error], [Error] ]
  }
}
